A total of 272 messages from 24 users are processed.
